Building DAG of jobs...
Using shell: /bin/bash
Provided cores: 8
Rules claiming more threads will be scaled down.
Job counts:
	count	jobs
	1	prep
	1
Select jobs to execute...

[Tue Feb  2 13:04:33 2021]
rule prep:
    input: /BiO/BioPeople/siyoo/pipeline/pipeline_cookiecutter/test/input/sample_1.bam
    output: analysis/inbam/TN1/TN1.bam
    jobid: 0
    wildcards: sample=TN1

ln -s /BiO/BioPeople/siyoo/pipeline/pipeline_cookiecutter/test/input/sample_1.bam analysis/inbam/TN1/TN1.bam
[Tue Feb  2 13:04:33 2021]
Finished job 0.
1 of 1 steps (100%) done
